// Jest Snapshot v1, https://goo.gl/fbAQLP

exports[`rules should export configs that refer to actual rules 1`] = `
{
  "all": {
    "env": {
      "jest/globals": true,
    },
    "plugins": [
      "jest",
    ],
    "rules": {
      "jest/consistent-test-it": "error",
      "jest/expect-expect": "error",
      "jest/max-expects": "error",
      "jest/max-nested-describe": "error",
      "jest/no-alias-methods": "error",
      "jest/no-commented-out-tests": "error",
      "jest/no-conditional-expect": "error",
      "jest/no-conditional-in-test": "error",
      "jest/no-confusing-set-timeout": "error",
      "jest/no-deprecated-functions": "error",
      "jest/no-disabled-tests": "error",
      "jest/no-done-callback": "error",
      "jest/no-duplicate-hooks": "error",
      "jest/no-export": "error",
      "jest/no-focused-tests": "error",
      "jest/no-hooks": "error",
      "jest/no-identical-title": "error",
      "jest/no-interpolation-in-snapshots": "error",
      "jest/no-jasmine-globals": "error",
      "jest/no-large-snapshots": "error",
      "jest/no-mocks-import": "error",
      "jest/no-restricted-jest-methods": "error",
      "jest/no-restricted-matchers": "error",
      "jest/no-standalone-expect": "error",
      "jest/no-test-prefixes": "error",
      "jest/no-test-return-statement": "error",
      "jest/no-untyped-mock-factory": "error",
      "jest/padding-around-after-all-blocks": "error",
      "jest/padding-around-after-each-blocks": "error",
      "jest/padding-around-all": "error",
      "jest/padding-around-before-all-blocks": "error",
      "jest/padding-around-before-each-blocks": "error",
      "jest/padding-around-describe-blocks": "error",
      "jest/padding-around-expect-groups": "error",
      "jest/padding-around-test-blocks": "error",
      "jest/prefer-called-with": "error",
      "jest/prefer-comparison-matcher": "error",
      "jest/prefer-each": "error",
      "jest/prefer-equality-matcher": "error",
      "jest/prefer-expect-assertions": "error",
      "jest/prefer-expect-resolves": "error",
      "jest/prefer-hooks-in-order": "error",
      "jest/prefer-hooks-on-top": "error",
      "jest/prefer-importing-jest-globals": "error",
      "jest/prefer-lowercase-title": "error",
      "jest/prefer-mock-promise-shorthand": "error",
      "jest/prefer-snapshot-hint": "error",
      "jest/prefer-spy-on": "error",
      "jest/prefer-strict-equal": "error",
      "jest/prefer-to-be": "error",
      "jest/prefer-to-contain": "error",
      "jest/prefer-to-have-length": "error",
      "jest/prefer-todo": "error",
      "jest/require-hook": "error",
      "jest/require-to-throw-message": "error",
      "jest/require-top-level-describe": "error",
      "jest/unbound-method": "error",
      "jest/valid-describe-callback": "error",
      "jest/valid-expect": "error",
      "jest/valid-expect-in-promise": "error",
      "jest/valid-title": "error",
    },
  },
  "flat/all": {
    "languageOptions": {
      "globals": {
        "afterAll": false,
        "afterEach": false,
        "beforeAll": false,
        "beforeEach": false,
        "describe": false,
        "expect": false,
        "fit": false,
        "it": false,
        "jest": false,
        "test": false,
        "xdescribe": false,
        "xit": false,
        "xtest": false,
      },
    },
    "plugins": {
      "jest": ObjectContaining {
        "meta": {
          "name": "eslint-plugin-jest",
          "version": Any<String>,
        },
      },
    },
    "rules": {
      "jest/consistent-test-it": "error",
      "jest/expect-expect": "error",
      "jest/max-expects": "error",
      "jest/max-nested-describe": "error",
      "jest/no-alias-methods": "error",
      "jest/no-commented-out-tests": "error",
      "jest/no-conditional-expect": "error",
      "jest/no-conditional-in-test": "error",
      "jest/no-confusing-set-timeout": "error",
      "jest/no-deprecated-functions": "error",
      "jest/no-disabled-tests": "error",
      "jest/no-done-callback": "error",
      "jest/no-duplicate-hooks": "error",
      "jest/no-export": "error",
      "jest/no-focused-tests": "error",
      "jest/no-hooks": "error",
      "jest/no-identical-title": "error",
      "jest/no-interpolation-in-snapshots": "error",
      "jest/no-jasmine-globals": "error",
      "jest/no-large-snapshots": "error",
      "jest/no-mocks-import": "error",
      "jest/no-restricted-jest-methods": "error",
      "jest/no-restricted-matchers": "error",
      "jest/no-standalone-expect": "error",
      "jest/no-test-prefixes": "error",
      "jest/no-test-return-statement": "error",
      "jest/no-untyped-mock-factory": "error",
      "jest/padding-around-after-all-blocks": "error",
      "jest/padding-around-after-each-blocks": "error",
      "jest/padding-around-all": "error",
      "jest/padding-around-before-all-blocks": "error",
      "jest/padding-around-before-each-blocks": "error",
      "jest/padding-around-describe-blocks": "error",
      "jest/padding-around-expect-groups": "error",
      "jest/padding-around-test-blocks": "error",
      "jest/prefer-called-with": "error",
      "jest/prefer-comparison-matcher": "error",
      "jest/prefer-each": "error",
      "jest/prefer-equality-matcher": "error",
      "jest/prefer-expect-assertions": "error",
      "jest/prefer-expect-resolves": "error",
      "jest/prefer-hooks-in-order": "error",
      "jest/prefer-hooks-on-top": "error",
      "jest/prefer-importing-jest-globals": "error",
      "jest/prefer-lowercase-title": "error",
      "jest/prefer-mock-promise-shorthand": "error",
      "jest/prefer-snapshot-hint": "error",
      "jest/prefer-spy-on": "error",
      "jest/prefer-strict-equal": "error",
      "jest/prefer-to-be": "error",
      "jest/prefer-to-contain": "error",
      "jest/prefer-to-have-length": "error",
      "jest/prefer-todo": "error",
      "jest/require-hook": "error",
      "jest/require-to-throw-message": "error",
      "jest/require-top-level-describe": "error",
      "jest/unbound-method": "error",
      "jest/valid-describe-callback": "error",
      "jest/valid-expect": "error",
      "jest/valid-expect-in-promise": "error",
      "jest/valid-title": "error",
    },
  },
  "flat/recommended": {
    "languageOptions": {
      "globals": {
        "afterAll": false,
        "afterEach": false,
        "beforeAll": false,
        "beforeEach": false,
        "describe": false,
        "expect": false,
        "fit": false,
        "it": false,
        "jest": false,
        "test": false,
        "xdescribe": false,
        "xit": false,
        "xtest": false,
      },
    },
    "plugins": {
      "jest": ObjectContaining {
        "meta": {
          "name": "eslint-plugin-jest",
          "version": Any<String>,
        },
      },
    },
    "rules": {
      "jest/expect-expect": "warn",
      "jest/no-alias-methods": "error",
      "jest/no-commented-out-tests": "warn",
      "jest/no-conditional-expect": "error",
      "jest/no-deprecated-functions": "error",
      "jest/no-disabled-tests": "warn",
      "jest/no-done-callback": "error",
      "jest/no-export": "error",
      "jest/no-focused-tests": "error",
      "jest/no-identical-title": "error",
      "jest/no-interpolation-in-snapshots": "error",
      "jest/no-jasmine-globals": "error",
      "jest/no-mocks-import": "error",
      "jest/no-standalone-expect": "error",
      "jest/no-test-prefixes": "error",
      "jest/valid-describe-callback": "error",
      "jest/valid-expect": "error",
      "jest/valid-expect-in-promise": "error",
      "jest/valid-title": "error",
    },
  },
  "flat/style": {
    "languageOptions": {
      "globals": {
        "afterAll": false,
        "afterEach": false,
        "beforeAll": false,
        "beforeEach": false,
        "describe": false,
        "expect": false,
        "fit": false,
        "it": false,
        "jest": false,
        "test": false,
        "xdescribe": false,
        "xit": false,
        "xtest": false,
      },
    },
    "plugins": {
      "jest": ObjectContaining {
        "meta": {
          "name": "eslint-plugin-jest",
          "version": Any<String>,
        },
      },
    },
    "rules": {
      "jest/no-alias-methods": "warn",
      "jest/prefer-to-be": "error",
      "jest/prefer-to-contain": "error",
      "jest/prefer-to-have-length": "error",
    },
  },
  "recommended": {
    "env": {
      "jest/globals": true,
    },
    "plugins": [
      "jest",
    ],
    "rules": {
      "jest/expect-expect": "warn",
      "jest/no-alias-methods": "error",
      "jest/no-commented-out-tests": "warn",
      "jest/no-conditional-expect": "error",
      "jest/no-deprecated-functions": "error",
      "jest/no-disabled-tests": "warn",
      "jest/no-done-callback": "error",
      "jest/no-export": "error",
      "jest/no-focused-tests": "error",
      "jest/no-identical-title": "error",
      "jest/no-interpolation-in-snapshots": "error",
      "jest/no-jasmine-globals": "error",
      "jest/no-mocks-import": "error",
      "jest/no-standalone-expect": "error",
      "jest/no-test-prefixes": "error",
      "jest/valid-describe-callback": "error",
      "jest/valid-expect": "error",
      "jest/valid-expect-in-promise": "error",
      "jest/valid-title": "error",
    },
  },
  "style": {
    "env": {
      "jest/globals": true,
    },
    "plugins": [
      "jest",
    ],
    "rules": {
      "jest/no-alias-methods": "warn",
      "jest/prefer-to-be": "error",
      "jest/prefer-to-contain": "error",
      "jest/prefer-to-have-length": "error",
    },
  },
}
`;
